---
source: src/parser.rs
expression: "AstWErrors { stmts, errors: p.errors() }"
info: "input = `\\def\\a[#1]#2{part}{not part}`"
---
stmts:
  - KnownMacro:
      name: def
      args:
        - Macro:
            name: a
        - SquareBlock:
            - Token: Pound
            - Token:
                Number: "1"
        - Token: Pound
        - Token:
            Number: "2"
        - Block:
            - Text: part
      is_alt: false
  - Block:
      - Text: not
      - Token: Space
      - Text: part
errors: []

