---
source: src/parser.rs
expression: "AstWErrors { stmts, errors: p.errors() }"
info: "input = `\\arraycolsep5pt[not part]`"
---
stmts:
  - KnownMacro:
      name: arraycolsep
      args:
        - Token:
            Length:
              - "5"
              - pt
      is_alt: false
  - SquareBlock:
      - Text: not
      - Token: Space
      - Text: part
errors: []

